universe 579 liquid mid/small
paired days 2022, day_edge +0.5247%, pooled z +3.96

observed fold z: [2.4  1.07 1.66 1.74 2.39]  (mean 1.85, sd 0.56)
analytic expectation per fold if homogeneous: 1.77

under a HOMOGENEOUS effect of this exact size (4000 shuffles):
   folds clearing 2.0 == 0:   0.7%
   folds clearing 2.0 == 1:  21.0%
   folds clearing 2.0 == 2:  57.2%
   folds clearing 2.0 == 3:  20.7%
   folds clearing 2.0 == 4:   0.5%
   folds clearing 2.0 == 5:   0.0%
   P(<= 1 fold clears) = 21.6%   <- observed was 1
   mean folds clearing = 1.99

fold-z spread: observed 0.56 vs homogeneous 0.91 (p=85.7% of shuffles are at least as spread out)
   -> a real regime break would show observed spread ABOVE the homogeneous distribution

=== per-fold detail with confidence intervals ===
  fold 1 2017-08-30..2019-09-13  edge +0.892% +/- 0.729  z +2.40  days 405
  fold 2 2019-09-16..2021-08-23  edge +0.383% +/- 0.702  z +1.07  days 405
  fold 3 2021-08-24..2023-05-02  edge +0.477% +/- 0.563  z +1.66  days 404
  fold 4 2023-05-03..2024-12-24  edge +0.385% +/- 0.434  z +1.74  days 404
  fold 5 2024-12-26..2026-08-10  edge +0.487% +/- 0.400  z +2.39  days 404

=== per calendar year, actual traded paired series ===
  2017: edge +3.700%  z +2.69  days 64
  2018: edge +0.208%  z +0.42  days 194
  2019: edge +0.466%  z +1.16  days 205
  2020: edge +0.580%  z +1.01  days 207
  2021: edge +0.480%  z +1.12  days 226
  2022: edge +0.337%  z +0.91  days 239
  2023: edge +0.524%  z +1.84  days 242
  2024: edge +0.255%  z +0.88  days 245
  2025: edge +0.152%  z +0.61  days 249
  2026: edge +1.007%  z +2.85  days 151
