  delivery rows 4319323, tickers 3698, 2016-08-16..2026-08-21
merged rows 607574
mid/small rows with lagged delivery: 452832, names 532, dates 2359 2016-11-22..2026-08-21

setup                                    n  days     edge      t  cells
D6a deliv% top decile              n= 46595 days=2351 edge=+0.062% t=+1.64 [4/6 sign, 2/6 at1.5] AP1+1.06 AP2-0.44 AP3+0.78 BP1-1.17 BP2+2.23 BP3+2.80
D6b deliv% bottom decile           n= 44232 days=2341 edge=-0.181% t=-3.50 [6/6 sign, 3/6 at1.5] AP1-0.84 AP2-1.84 AP3-2.73 BP1-2.95 BP2-0.69 BP3-0.81
D1a dp_z > 1.5                     n= 29764 days=2081 edge=+0.055% t=+0.97 [4/6 sign, 2/6 at1.5] AP1-0.92 AP2-0.85 AP3+2.22 BP1+0.95 BP2+2.24 BP3+0.08
D1b dp_z > 2.5                     n=  4422 days=1529 edge=-0.146% t=-1.12 [4/6 sign, 1/6 at1.5] AP1-1.50 AP2-0.14 AP3-0.07 BP1+0.81 BP2-1.49 BP3+0.65
D1c dp_z top decile                n= 38441 days=2193 edge=-0.025% t=-0.46 [2/6 sign, 0/6 at1.5] AP1-1.44 AP2-1.04 AP3+0.24 BP1+0.75 BP2+1.87 BP3+0.32
D4  dp_z < -1.5 (froth)            n= 24231 days=2027 edge=-0.476% t=-7.08 [5/6 sign, 4/6 at1.5] AP1-5.37 AP2-2.91 AP3-3.57 BP1-4.46 BP2-0.88 BP3+0.10
D5  dp_ratio top decile            n= 43734 days=2262 edge=-0.022% t=-0.56 [4/6 sign, 0/6 at1.5] AP1-1.16 AP2-0.90 AP3-0.07 BP1+0.57 BP2-0.49 BP3+1.37
D2a dp_z>1.5 & ret1>0              n= 14982 days=1933 edge=+0.073% t=+0.92 [4/6 sign, 1/6 at1.5] AP1-0.62 AP2-1.07 AP3+0.69 BP1+0.12 BP2+3.11 BP3+0.90
D2b dp_z>1.5 & ret5>0              n= 13002 days=1856 edge=+0.054% t=+0.61 [5/6 sign, 0/6 at1.5] AP1-1.00 AP2+0.94 AP3+1.00 BP1+0.31 BP2+0.47 BP3+0.32
D3a dp_z>1.5 & ret5<0              n= 16711 days=1960 edge=+0.007% t=+0.10 [3/6 sign, 1/6 at1.5] AP1-0.51 AP2-1.91 AP3+0.78 BP1+0.77 BP2+1.74 BP3-1.36
D3b dp_z>1.5 & ret5<-3             n=  7732 days=1678 edge=+0.007% t=+0.07 [2/6 sign, 0/6 at1.5] AP1-1.22 AP2-1.33 AP3+1.37 BP1-0.58 BP2+1.42 BP3-0.13
D3c dp_z>2 & ret5<-5               n=  1667 days= 885 edge=-0.473% t=-2.22 [6/6 sign, 1/6 at1.5] AP1-1.35 AP2-1.00 AP3-0.40 BP1-0.74 BP2-1.92 BP3-0.50
D3d dp_z>1.5 & rsi<40              n=  6496 days=1574 edge=-0.076% t=-0.66 [2/6 sign, 0/6 at1.5] AP1-1.37 AP2-0.86 AP3+0.97 BP1+1.05 BP2+0.51 BP3+0.82
D7  ticket_z > 2                   n= 15498 days=1456 edge=-0.129% t=-1.50 [3/6 sign, 1/6 at1.5] AP1-0.74 AP2-0.13 AP3+0.31 BP1-1.93 BP2+0.34 BP3+0.99
D8  ticket_z>2 & ret1>0            n=  7697 days=1326 edge=+0.071% t=+0.62 [4/6 sign, 1/6 at1.5] AP1+0.99 AP2+0.37 AP3+0.95 BP1-1.13 BP2+2.32 BP3-0.50
D8b ticket_z top decile            n= 32832 days=1549 edge=-0.153% t=-2.60 [5/6 sign, 2/6 at1.5] AP1-0.68 AP2-2.16 AP3-0.30 BP1-2.49 BP2-0.74 BP3+0.45
R0  ram top decile (=022)          n= 44046 days=2158 edge=+0.502% t=+9.47 [6/6 sign, 6/6 at1.5] AP1+3.39 AP2+6.22 AP3+5.33 BP1+3.05 BP2+7.11 BP3+3.64
R1  022 & dp_z>1                   n=  5809 days=1696 edge=+0.534% t=+4.40 [6/6 sign, 3/6 at1.5] AP1+0.02 AP2+3.00 AP3+2.58 BP1+0.96 BP2+3.96 BP3+0.29
R2  022 & dp_z<0                   n= 17494 days=1921 edge=+0.332% t=+3.92 [6/6 sign, 3/6 at1.5] AP1+0.27 AP2+2.09 AP3+1.78 BP1+0.04 BP2+0.76 BP3+3.49
R3  022 & deliv% top half          n= 23183 days=2158 edge=+0.562% t=+8.74 [6/6 sign, 6/6 at1.5] AP1+2.75 AP2+5.38 AP3+3.39 BP1+1.74 BP2+7.02 BP3+3.62
R4  022 & deliv% bottom half       n= 20863 days=2146 edge=+0.330% t=+4.23 [5/6 sign, 5/6 at1.5] AP1-0.59 AP2+2.56 AP3+4.33 BP1+2.46 BP2+1.83 BP3+2.05

=== horizon band for anything with |t| >= 3 ===
  D6b deliv% bottom decile         h6 -0.136%/t-2.91  h8 -0.181%/t-3.50  h10 -0.241%/t-4.29   | hold-out half t-3.00
  D4  dp_z < -1.5 (froth)          h6 -0.377%/t-6.36  h8 -0.476%/t-7.08  h10 -0.476%/t-6.35   | hold-out half t-3.46
  R0  ram top decile (=022)        h6 +0.383%/t+8.37  h8 +0.502%/t+9.47  h10 +0.616%/t+10.41   | hold-out half t+7.14
  R1  022 & dp_z>1                 h6 +0.373%/t+3.51  h8 +0.534%/t+4.40  h10 +0.627%/t+4.64   | hold-out half t+3.25
  R2  022 & dp_z<0                 h6 +0.268%/t+3.70  h8 +0.332%/t+3.92  h10 +0.443%/t+4.69   | hold-out half t+2.08
  R3  022 & deliv% top half        h6 +0.422%/t+7.54  h8 +0.562%/t+8.74  h10 +0.693%/t+9.78   | hold-out half t+6.53
  R4  022 & deliv% bottom half     h6 +0.259%/t+3.85  h8 +0.330%/t+4.23  h10 +0.429%/t+4.83   | hold-out half t+3.60
