38 usable features -> 8436 combos
  ..1/38 scanned, 32 survivors
  ..2/38 scanned, 53 survivors
  ..3/38 scanned, 70 survivors
  ..4/38 scanned, 74 survivors
  ..5/38 scanned, 77 survivors
  ..6/38 scanned, 79 survivors
  ..7/38 scanned, 86 survivors
  ..8/38 scanned, 88 survivors
  ..9/38 scanned, 114 survivors
  ..10/38 scanned, 114 survivors
  ..11/38 scanned, 119 survivors
  ..12/38 scanned, 123 survivors
  ..13/38 scanned, 125 survivors
  ..14/38 scanned, 129 survivors
  ..15/38 scanned, 140 survivors
  ..16/38 scanned, 142 survivors
  ..17/38 scanned, 145 survivors
  ..18/38 scanned, 154 survivors
  ..19/38 scanned, 158 survivors
  ..20/38 scanned, 160 survivors
  ..21/38 scanned, 166 survivors
  ..22/38 scanned, 168 survivors
  ..23/38 scanned, 179 survivors
  ..24/38 scanned, 184 survivors
  ..25/38 scanned, 187 survivors
  ..26/38 scanned, 199 survivors
  ..27/38 scanned, 208 survivors
  ..28/38 scanned, 218 survivors
  ..29/38 scanned, 237 survivors
  ..30/38 scanned, 237 survivors
  ..31/38 scanned, 237 survivors
  ..32/38 scanned, 238 survivors
  ..33/38 scanned, 239 survivors
  ..34/38 scanned, 267 survivors
  ..35/38 scanned, 268 survivors
  ..36/38 scanned, 269 survivors
  ..37/38 scanned, 272 survivors
  ..38/38 scanned, 277 survivors

=== 277 combos consistent at |t|>=2 in all three sets ===
  min|t|=4.15  idio_vol        D1   x dist_high250  T0  n=  7882  S -0.438%/t-4.20  U -0.429%/t-4.41  T -0.352%/t-4.15
  min|t|=4.02  idio_vol        D1   x close_sma20   T1  n= 13172  S -0.383%/t-4.75  U -0.267%/t-4.02  T -0.313%/t-4.23
  min|t|=4.01  ret_ex20_120    D10  x corr_mkt      T1  n=  9339  S +0.645%/t+4.18  U +0.720%/t+4.01  T +0.896%/t+4.82
  min|t|=3.88  sma20_slope     D10  x oc_gap20      T2  n= 15340  S +0.488%/t+4.17  U +0.603%/t+4.12  T +0.637%/t+3.88
  min|t|=3.79  atr_pct         D1   x turnover_z    T0  n= 11459  S -0.367%/t-3.79  U -0.316%/t-3.99  T -0.383%/t-4.29
  min|t|=3.70  ret120          D10  x maxret20      T2  n= 16435  S +0.495%/t+4.00  U +0.542%/t+3.70  T +0.688%/t+4.64
  min|t|=3.61  bb_pos          D10  x dist_high250  T0  n=  3590  S -0.750%/t-3.61  U -1.165%/t-4.99  T -1.028%/t-3.97
  min|t|=3.60  kurt60          D10  x sharpe60      T1  n=  9075  S -0.405%/t-3.60  U -0.514%/t-4.37  T -0.529%/t-5.38
  min|t|=3.60  intraday20      D10  x oc_gap20      T2  n=  8374  S +0.582%/t+3.60  U +0.836%/t+3.79  T +0.863%/t+3.86
  min|t|=3.57  corr_mkt        D1   x sma50_slope   T0  n=  7947  S -0.553%/t-3.57  U -0.622%/t-5.20  T -0.491%/t-3.70
  min|t|=3.53  ret_ex20_120    D1   x ret_ex5_20    T2  n=  9744  S -0.392%/t-3.53  U -0.526%/t-3.98  T -0.427%/t-3.67
  min|t|=3.51  dev_avwap       D10  x dist_high250  T0  n=  3079  S -1.148%/t-3.87  U -1.093%/t-3.51  T -0.810%/t-3.64
  min|t|=3.48  ret120          D10  x corr_mkt      T1  n=  9359  S +0.572%/t+3.48  U +0.804%/t+4.06  T +0.945%/t+5.26
  min|t|=3.46  kurt60          D10  x close_sma200  T1  n=  7449  S -0.477%/t-4.08  U -0.740%/t-5.66  T -0.321%/t-3.46
  min|t|=3.44  ret_ex5_20      D10  x turn_ratio20  T2  n= 21412  S +0.395%/t+3.68  U +0.434%/t+3.95  T +0.438%/t+3.44
  min|t|=3.42  atr_pct         D1   x intraday20    T1  n= 12860  S -0.310%/t-3.42  U -0.284%/t-4.08  T -0.329%/t-3.60
  min|t|=3.38  ret_ex5_20      D10  x maxret20      T2  n= 21047  S +0.393%/t+3.96  U +0.467%/t+3.62  T +0.465%/t+3.38
  min|t|=3.34  close_sma50     D10  x oc_gap20      T2  n= 15379  S +0.432%/t+3.34  U +0.725%/t+5.31  T +0.628%/t+3.59
  min|t|=3.33  atr_pct         D1   x close_sma20   T1  n= 13359  S -0.433%/t-5.05  U -0.229%/t-3.33  T -0.347%/t-3.59
  min|t|=3.32  atr_pct         D1   x kurt60        T2  n=  7974  S -0.384%/t-3.32  U -0.475%/t-5.41  T -0.569%/t-5.83
  min|t|=3.29  close_sma50     D10  x corr_mkt      T1  n=  9786  S +0.480%/t+3.29  U +0.597%/t+3.35  T +1.021%/t+5.65
  min|t|=3.24  turnover_z      D1   x atr_pct       T0  n= 12712  S -0.261%/t-3.24  U -0.333%/t-4.14  T -0.283%/t-3.33
  min|t|=3.23  ret20           D10  x oc_gap20      T2  n= 15531  S +0.357%/t+3.23  U +0.645%/t+4.52  T +0.606%/t+3.64
  min|t|=3.22  atr_pct         D1   x maxret20      T0  n= 22238  S -0.403%/t-5.93  U -0.244%/t-3.77  T -0.261%/t-3.22
  min|t|=3.22  oc_gap20        D10  x close_sma200  T2  n= 13110  S +0.497%/t+3.58  U +0.499%/t+3.22  T +0.651%/t+3.33
  min|t|=3.22  oc_gap20        D10  x rsi           T2  n= 13244  S +0.441%/t+3.22  U +0.568%/t+3.75  T +0.669%/t+3.70
  min|t|=3.21  turn_ratio20    D1   x corr_mkt      T0  n=  8684  S -0.425%/t-3.21  U -0.609%/t-4.22  T -0.559%/t-5.01
  min|t|=3.21  ret_ex5_20      D10  x resid20       T2  n= 26016  S +0.269%/t+3.23  U +0.410%/t+4.24  T +0.354%/t+3.21
  min|t|=3.20  ret_ex5_20      D10  x skew60        T2  n= 14311  S +0.383%/t+3.20  U +0.583%/t+3.99  T +0.405%/t+3.40
  min|t|=3.17  idio_vol        D1   x dev_avwap     T1  n= 13349  S -0.345%/t-4.36  U -0.211%/t-3.17  T -0.288%/t-4.01
  min|t|=3.16  ret_ex20_120    D1   x kurt60        T0  n=  7042  S -0.432%/t-3.16  U -0.428%/t-3.33  T -0.600%/t-3.72
  min|t|=3.14  oc_gap20        D1   x resid20       T2  n=  6580  S -0.614%/t-3.68  U -0.399%/t-3.14  T -0.603%/t-3.75
  min|t|=3.14  atr_pct         D1   x ret20         T1  n= 13009  S -0.383%/t-4.37  U -0.291%/t-4.24  T -0.288%/t-3.14
  min|t|=3.10  atr_pct         D1   x dev_avwap     T1  n= 13177  S -0.457%/t-5.41  U -0.207%/t-3.10  T -0.362%/t-3.90
  min|t|=3.05  ret_ex5_20      D10  x sma50_slope   T2  n= 22091  S +0.301%/t+3.05  U +0.426%/t+3.94  T +0.443%/t+3.69
  min|t|=3.03  ret120          D10  x turn_ratio20  T2  n= 12627  S +0.423%/t+3.16  U +1.016%/t+5.73  T +0.462%/t+3.03
  min|t|=3.02  ret_ex20_120    D1   x obv_ch20      T2  n= 10088  S -0.532%/t-4.22  U -0.595%/t-4.90  T -0.386%/t-3.02
  min|t|=3.02  atr_pct         D1   x vol_ratio3    T0  n=  8592  S -0.435%/t-4.24  U -0.267%/t-3.02  T -0.381%/t-3.43
  min|t|=3.01  ret_ex5_20      D10  x ret120        T2  n= 17513  S +0.319%/t+3.01  U +0.594%/t+4.40  T +0.708%/t+4.82
  min|t|=3.01  sma20_slope     D10  x turn_ratio20  T2  n= 22072  S +0.288%/t+3.01  U +0.439%/t+3.84  T +0.405%/t+3.35
